MASTERING TYPESCRIPT

Início: 28/03/2025

----------------------------------------------------------
*** Seção 2 : Configurando Ambiente ***

setting-up-environment

Aula 4 - 29/03/2025 - Instalando o VS Code

----------------------------------------------------------
29/03/2025 - Aula 5 - Conhecendo extensões úteis do VS Code

1 - Material Icon Theme;
2 - Mithril Emmet;
3 - ESLint
4 - Better Comments
5 - GitLens — Git supercharged
6 - Tabnine: AI Chat & Autocomplete for JavaScript (Não instalada)


----------------------------------------------------------
29/03/2025 - Aula 6 - Instalando o Node.js

Já tenho instalado.
Minha versão: 20.15.1

----------------------------------------------------------

xx/xx/2025 - Aula 7 - Instalando o Git

git version 2.45.2.windows.1 - Já tinha instalado

----------------------------------------------------------

xx/xx/2025 - Aula 8 - Instalando o TypeScript e criando primeiro código

Estava instalado: Version 5.7.3

1 - Instalando o typescript via terminal:

$ npm i -g typescript


2 - Verificando a versão do TS:

$ tsc --version


3 - Instalando a versão do curso:

$ npm install -g typescript@4.1.3
 

4 - Compilando o primeiro arquivo TS, via terminal:

$ tsc primeiro_codigo.ts 
----------------------------------------------------------

30/03/2025 - Aula 9 - Compilando o TypesScript para versões diferentes

Trabalhando com versões antigas do EcmaScript3.


Alteração a versão do ES:

Configurando o EcmaScript via terminal. Via terminal.


Aplicando o init para sobrescrever o tsconfig.json

$ tsc --init

----------------------------------------------------------

30/03/2025 - Aula 10 - entendo o compilador TypeScript 

Rever a aula, importante por que configura o arquivo tsconfig.json.

----------------------------------------------------------


----------------------------------------------------------
*** Seção 3: Conhecendo os Tipos ***

30/03/2025 - Aula 11 - conhecendo os tipos do TypeScript

----------------------------------------------------------
31/03/2025 - Aula 12 - Dedução de Tipo (Type Inference)

----------------------------------------------------------
31/03/2025 - Aula 13 - String

----------------------------------------------------------

01/04/2025 - Aula 14 -Number


----------------------------------------------------------

01/04/2025 - Aula 15 - Union Types

----------------------------------------------------------

01/04/2025 - Aula 16 - Boolean

----------------------------------------------------------

01/04/2025 - Aula 17 - Array

rever aula.

----------------------------------------------------------

xx/xx/2025 - Aula 18 - Enum

----------------------------------------------------------

xx/xx/2025 - Aula 19 - Object

----------------------------------------------------------
xx/xx/2025 - Aula 20 - Enum

----------------------------------------------------------

xx/xx/2025 - Aula 21 - Null and Undefined

----------------------------------------------------------

xx/xx/2025 - Aula 22 - Any

----------------------------------------------------------

xx/xx/2025 - Aula 23 - Unknown

----------------------------------------------------------
xx/xx/2025 - Aula 24 - Void

----------------------------------------------------------

xx/xx/2025 - Aula 25 - Never

----------------------------------------------------------

xx/xx/2025 - Aula 26 - Afirmações de Tipos

----------------------------------------------------------






*** Fim da seção 3
----------------------------------------------------------
*** Seção 4: Funções TypeScript ***

----------------------------------------------------------
*** Seção 5: Interfaces ***

----------------------------------------------------------
*** Seção 6: Orientação a Objetos ***

----------------------------------------------------------
*** Seção 7: Módulos ***

----------------------------------------------------------
*** Seção 8: Namespaces ***

----------------------------------------------------------
*** Seção 9: Mixins ***

----------------------------------------------------------
*** Seção 10: Generics ***

----------------------------------------------------------
*** Seção 11: Decorators ***

----------------------------------------------------------
*** Seção 12: Projeto - Calculadora com TypeScript ***

----------------------------------------------------------
